# serializer version: 1
# name: test_input_performActionsCancelsDragging
  dict({
    'result': dict({
      'type': 'array',
      'value': list([
        dict({
          'type': 'object',
          'value': list([
            list([
              'event',
              dict({
                'type': 'string',
                'value': 'mousemove',
              }),
            ]),
            list([
              'button',
              dict({
                'type': 'number',
                'value': 0,
              }),
            ]),
            list([
              'buttons',
              dict({
                'type': 'number',
                'value': 0,
              }),
            ]),
            list([
              'clientX',
              dict({
                'type': 'number',
                'value': 58,
              }),
            ]),
            list([
              'clientY',
              dict({
                'type': 'number',
                'value': 58,
              }),
            ]),
          ]),
        }),
        dict({
          'type': 'object',
          'value': list([
            list([
              'event',
              dict({
                'type': 'string',
                'value': 'mousedown',
              }),
            ]),
            list([
              'button',
              dict({
                'type': 'number',
                'value': 0,
              }),
            ]),
            list([
              'buttons',
              dict({
                'type': 'number',
                'value': 1,
              }),
            ]),
            list([
              'clientX',
              dict({
                'type': 'number',
                'value': 58,
              }),
            ]),
            list([
              'clientY',
              dict({
                'type': 'number',
                'value': 58,
              }),
            ]),
          ]),
        }),
        dict({
          'type': 'object',
          'value': list([
            list([
              'event',
              dict({
                'type': 'string',
                'value': 'mousemove',
              }),
            ]),
            list([
              'button',
              dict({
                'type': 'number',
                'value': 0,
              }),
            ]),
            list([
              'buttons',
              dict({
                'type': 'number',
                'value': 1,
              }),
            ]),
            list([
              'clientX',
              dict({
                'type': 'number',
                'value': 58,
              }),
            ]),
            list([
              'clientY',
              dict({
                'type': 'number',
                'value': 158,
              }),
            ]),
          ]),
        }),
        dict({
          'type': 'object',
          'value': list([
            list([
              'event',
              dict({
                'type': 'string',
                'value': 'dragstart',
              }),
            ]),
            list([
              'button',
              dict({
                'type': 'number',
                'value': 0,
              }),
            ]),
            list([
              'buttons',
              dict({
                'type': 'number',
                'value': 1,
              }),
            ]),
            list([
              'clientX',
              dict({
                'type': 'number',
                'value': 58,
              }),
            ]),
            list([
              'clientY',
              dict({
                'type': 'number',
                'value': 58,
              }),
            ]),
          ]),
        }),
        dict({
          'type': 'object',
          'value': list([
            list([
              'event',
              dict({
                'type': 'string',
                'value': 'dragenter',
              }),
            ]),
            list([
              'button',
              dict({
                'type': 'number',
                'value': 0,
              }),
            ]),
            list([
              'buttons',
              dict({
                'type': 'number',
                'value': 1,
              }),
            ]),
            list([
              'clientX',
              dict({
                'type': 'number',
                'value': 58,
              }),
            ]),
            list([
              'clientY',
              dict({
                'type': 'number',
                'value': 158,
              }),
            ]),
          ]),
        }),
        dict({
          'type': 'object',
          'value': list([
            list([
              'event',
              dict({
                'type': 'string',
                'value': 'dragover',
              }),
            ]),
            list([
              'button',
              dict({
                'type': 'number',
                'value': 0,
              }),
            ]),
            list([
              'buttons',
              dict({
                'type': 'number',
                'value': 1,
              }),
            ]),
            list([
              'clientX',
              dict({
                'type': 'number',
                'value': 58,
              }),
            ]),
            list([
              'clientY',
              dict({
                'type': 'number',
                'value': 158,
              }),
            ]),
          ]),
        }),
        dict({
          'type': 'object',
          'value': list([
            list([
              'event',
              dict({
                'type': 'string',
                'value': 'dragleave',
              }),
            ]),
            list([
              'button',
              dict({
                'type': 'number',
                'value': 0,
              }),
            ]),
            list([
              'buttons',
              dict({
                'type': 'number',
                'value': 1,
              }),
            ]),
            list([
              'clientX',
              dict({
                'type': 'number',
                'value': 58,
              }),
            ]),
            list([
              'clientY',
              dict({
                'type': 'number',
                'value': 158,
              }),
            ]),
          ]),
        }),
        dict({
          'type': 'object',
          'value': list([
            list([
              'event',
              dict({
                'type': 'string',
                'value': 'dragend',
              }),
            ]),
            list([
              'button',
              dict({
                'type': 'number',
                'value': 0,
              }),
            ]),
            list([
              'buttons',
              dict({
                'type': 'number',
                'value': 0,
              }),
            ]),
            list([
              'clientX',
              dict({
                'type': 'number',
                'value': 58,
              }),
            ]),
            list([
              'clientY',
              dict({
                'type': 'number',
                'value': 158,
              }),
            ]),
          ]),
        }),
        dict({
          'type': 'object',
          'value': list([
            list([
              'event',
              dict({
                'type': 'string',
                'value': 'mousemove',
              }),
            ]),
            list([
              'button',
              dict({
                'type': 'number',
                'value': 0,
              }),
            ]),
            list([
              'buttons',
              dict({
                'type': 'number',
                'value': 1,
              }),
            ]),
            list([
              'clientX',
              dict({
                'type': 'number',
                'value': 59,
              }),
            ]),
            list([
              'clientY',
              dict({
                'type': 'number',
                'value': 159,
              }),
            ]),
          ]),
        }),
      ]),
    }),
    'type': 'success',
  })
# ---
# name: test_input_performActionsDoesNotCancelDraggingWithAlt
  dict({
    'result': dict({
      'type': 'array',
      'value': list([
        dict({
          'type': 'object',
          'value': list([
            list([
              'event',
              dict({
                'type': 'string',
                'value': 'mousemove',
              }),
            ]),
            list([
              'button',
              dict({
                'type': 'number',
                'value': 0,
              }),
            ]),
            list([
              'buttons',
              dict({
                'type': 'number',
                'value': 0,
              }),
            ]),
            list([
              'clientX',
              dict({
                'type': 'number',
                'value': 58,
              }),
            ]),
            list([
              'clientY',
              dict({
                'type': 'number',
                'value': 58,
              }),
            ]),
          ]),
        }),
        dict({
          'type': 'object',
          'value': list([
            list([
              'event',
              dict({
                'type': 'string',
                'value': 'mousedown',
              }),
            ]),
            list([
              'button',
              dict({
                'type': 'number',
                'value': 0,
              }),
            ]),
            list([
              'buttons',
              dict({
                'type': 'number',
                'value': 1,
              }),
            ]),
            list([
              'clientX',
              dict({
                'type': 'number',
                'value': 58,
              }),
            ]),
            list([
              'clientY',
              dict({
                'type': 'number',
                'value': 58,
              }),
            ]),
          ]),
        }),
        dict({
          'type': 'object',
          'value': list([
            list([
              'event',
              dict({
                'type': 'string',
                'value': 'mousemove',
              }),
            ]),
            list([
              'button',
              dict({
                'type': 'number',
                'value': 0,
              }),
            ]),
            list([
              'buttons',
              dict({
                'type': 'number',
                'value': 1,
              }),
            ]),
            list([
              'clientX',
              dict({
                'type': 'number',
                'value': 58,
              }),
            ]),
            list([
              'clientY',
              dict({
                'type': 'number',
                'value': 158,
              }),
            ]),
          ]),
        }),
        dict({
          'type': 'object',
          'value': list([
            list([
              'event',
              dict({
                'type': 'string',
                'value': 'dragstart',
              }),
            ]),
            list([
              'button',
              dict({
                'type': 'number',
                'value': 0,
              }),
            ]),
            list([
              'buttons',
              dict({
                'type': 'number',
                'value': 1,
              }),
            ]),
            list([
              'clientX',
              dict({
                'type': 'number',
                'value': 58,
              }),
            ]),
            list([
              'clientY',
              dict({
                'type': 'number',
                'value': 58,
              }),
            ]),
          ]),
        }),
        dict({
          'type': 'object',
          'value': list([
            list([
              'event',
              dict({
                'type': 'string',
                'value': 'dragenter',
              }),
            ]),
            list([
              'button',
              dict({
                'type': 'number',
                'value': 0,
              }),
            ]),
            list([
              'buttons',
              dict({
                'type': 'number',
                'value': 1,
              }),
            ]),
            list([
              'clientX',
              dict({
                'type': 'number',
                'value': 58,
              }),
            ]),
            list([
              'clientY',
              dict({
                'type': 'number',
                'value': 158,
              }),
            ]),
          ]),
        }),
        dict({
          'type': 'object',
          'value': list([
            list([
              'event',
              dict({
                'type': 'string',
                'value': 'dragover',
              }),
            ]),
            list([
              'button',
              dict({
                'type': 'number',
                'value': 0,
              }),
            ]),
            list([
              'buttons',
              dict({
                'type': 'number',
                'value': 1,
              }),
            ]),
            list([
              'clientX',
              dict({
                'type': 'number',
                'value': 58,
              }),
            ]),
            list([
              'clientY',
              dict({
                'type': 'number',
                'value': 158,
              }),
            ]),
          ]),
        }),
        dict({
          'type': 'object',
          'value': list([
            list([
              'event',
              dict({
                'type': 'string',
                'value': 'dragover',
              }),
            ]),
            list([
              'button',
              dict({
                'type': 'number',
                'value': 0,
              }),
            ]),
            list([
              'buttons',
              dict({
                'type': 'number',
                'value': 1,
              }),
            ]),
            list([
              'clientX',
              dict({
                'type': 'number',
                'value': 59,
              }),
            ]),
            list([
              'clientY',
              dict({
                'type': 'number',
                'value': 159,
              }),
            ]),
          ]),
        }),
      ]),
    }),
    'type': 'success',
  })
# ---
# name: test_input_performActionsEmitsDragging
  dict({
    'result': dict({
      'type': 'array',
      'value': list([
        dict({
          'type': 'object',
          'value': list([
            list([
              'event',
              dict({
                'type': 'string',
                'value': 'mousemove',
              }),
            ]),
            list([
              'button',
              dict({
                'type': 'number',
                'value': 0,
              }),
            ]),
            list([
              'buttons',
              dict({
                'type': 'number',
                'value': 0,
              }),
            ]),
            list([
              'clientX',
              dict({
                'type': 'number',
                'value': 58,
              }),
            ]),
            list([
              'clientY',
              dict({
                'type': 'number',
                'value': 58,
              }),
            ]),
          ]),
        }),
        dict({
          'type': 'object',
          'value': list([
            list([
              'event',
              dict({
                'type': 'string',
                'value': 'mousedown',
              }),
            ]),
            list([
              'button',
              dict({
                'type': 'number',
                'value': 0,
              }),
            ]),
            list([
              'buttons',
              dict({
                'type': 'number',
                'value': 1,
              }),
            ]),
            list([
              'clientX',
              dict({
                'type': 'number',
                'value': 58,
              }),
            ]),
            list([
              'clientY',
              dict({
                'type': 'number',
                'value': 58,
              }),
            ]),
          ]),
        }),
        dict({
          'type': 'object',
          'value': list([
            list([
              'event',
              dict({
                'type': 'string',
                'value': 'mousemove',
              }),
            ]),
            list([
              'button',
              dict({
                'type': 'number',
                'value': 0,
              }),
            ]),
            list([
              'buttons',
              dict({
                'type': 'number',
                'value': 1,
              }),
            ]),
            list([
              'clientX',
              dict({
                'type': 'number',
                'value': 58,
              }),
            ]),
            list([
              'clientY',
              dict({
                'type': 'number',
                'value': 158,
              }),
            ]),
          ]),
        }),
        dict({
          'type': 'object',
          'value': list([
            list([
              'event',
              dict({
                'type': 'string',
                'value': 'dragstart',
              }),
            ]),
            list([
              'button',
              dict({
                'type': 'number',
                'value': 0,
              }),
            ]),
            list([
              'buttons',
              dict({
                'type': 'number',
                'value': 1,
              }),
            ]),
            list([
              'clientX',
              dict({
                'type': 'number',
                'value': 58,
              }),
            ]),
            list([
              'clientY',
              dict({
                'type': 'number',
                'value': 58,
              }),
            ]),
          ]),
        }),
        dict({
          'type': 'object',
          'value': list([
            list([
              'event',
              dict({
                'type': 'string',
                'value': 'dragenter',
              }),
            ]),
            list([
              'button',
              dict({
                'type': 'number',
                'value': 0,
              }),
            ]),
            list([
              'buttons',
              dict({
                'type': 'number',
                'value': 1,
              }),
            ]),
            list([
              'clientX',
              dict({
                'type': 'number',
                'value': 58,
              }),
            ]),
            list([
              'clientY',
              dict({
                'type': 'number',
                'value': 158,
              }),
            ]),
          ]),
        }),
        dict({
          'type': 'object',
          'value': list([
            list([
              'event',
              dict({
                'type': 'string',
                'value': 'dragover',
              }),
            ]),
            list([
              'button',
              dict({
                'type': 'number',
                'value': 0,
              }),
            ]),
            list([
              'buttons',
              dict({
                'type': 'number',
                'value': 1,
              }),
            ]),
            list([
              'clientX',
              dict({
                'type': 'number',
                'value': 58,
              }),
            ]),
            list([
              'clientY',
              dict({
                'type': 'number',
                'value': 158,
              }),
            ]),
          ]),
        }),
        dict({
          'type': 'object',
          'value': list([
            list([
              'event',
              dict({
                'type': 'string',
                'value': 'drop',
              }),
            ]),
            list([
              'button',
              dict({
                'type': 'number',
                'value': 0,
              }),
            ]),
            list([
              'buttons',
              dict({
                'type': 'number',
                'value': 1,
              }),
            ]),
            list([
              'clientX',
              dict({
                'type': 'number',
                'value': 58,
              }),
            ]),
            list([
              'clientY',
              dict({
                'type': 'number',
                'value': 158,
              }),
            ]),
          ]),
        }),
        dict({
          'type': 'object',
          'value': list([
            list([
              'event',
              dict({
                'type': 'string',
                'value': 'dragend',
              }),
            ]),
            list([
              'button',
              dict({
                'type': 'number',
                'value': 0,
              }),
            ]),
            list([
              'buttons',
              dict({
                'type': 'number',
                'value': 0,
              }),
            ]),
            list([
              'clientX',
              dict({
                'type': 'number',
                'value': 58,
              }),
            ]),
            list([
              'clientY',
              dict({
                'type': 'number',
                'value': 158,
              }),
            ]),
          ]),
        }),
        dict({
          'type': 'object',
          'value': list([
            list([
              'event',
              dict({
                'type': 'string',
                'value': 'mousemove',
              }),
            ]),
            list([
              'button',
              dict({
                'type': 'number',
                'value': 0,
              }),
            ]),
            list([
              'buttons',
              dict({
                'type': 'number',
                'value': 0,
              }),
            ]),
            list([
              'clientX',
              dict({
                'type': 'number',
                'value': 59,
              }),
            ]),
            list([
              'clientY',
              dict({
                'type': 'number',
                'value': 159,
              }),
            ]),
          ]),
        }),
      ]),
    }),
    'type': 'success',
  })
# ---
